src/components/modules/user-management.tsx(3,8): error TS1259: Module '"C:/AgTech/Apps/veritum-pro/node_modules/@types/react/index"' can only be default-imported using the 'esModuleInterop' flag
src/components/modules/user-management.tsx(5,63): error TS2307: Cannot find module '@/types' or its corresponding type declarations.
src/components/modules/user-management.tsx(6,36): error TS2307: Cannot find module '@/lib/supabase/master' or its corresponding type declarations.
src/components/modules/user-management.tsx(7,93): error TS2307: Cannot find module '@/app/actions/user-actions' or its corresponding type declarations.
src/components/modules/user-management.tsx(8,67): error TS2307: Cannot find module '@/app/actions/team-actions' or its corresponding type declarations.
src/components/modules/user-management.tsx(9,23): error TS6142: Module '../ui/toast' was resolved to 'C:/AgTech/Apps/veritum-pro/src/components/ui/toast.tsx', but '--jsx' is not set.
src/components/modules/user-management.tsx(10,32): error TS2307: Cannot find module '@/contexts/language-context' or its corresponding type declarations.
src/components/modules/user-management.tsx(503,9): error TS17004: Cannot use JSX unless the '--jsx' flag is provided.
src/components/modules/user-management.tsx(504,13): error TS17004: Cannot use JSX unless the '--jsx' flag is provided.
src/components/modules/user-management.tsx(505,17): error TS17004: Cannot use JSX unless the '--jsx' flag is provided.
src/components/modules/user-management.tsx(506,21): error TS17004: Cannot use JSX unless the '--jsx' flag is provided.
src/components/modules/user-management.tsx(507,21): error TS17004: Cannot use JSX unless the '--jsx' flag is provided.
src/components/modules/user-management.tsx(509,17): error TS17004: Cannot use JSX unless the '--jsx' flag is provided.
src/components/modules/user-management.tsx(511,25): error TS17004: Cannot use JSX unless the '--jsx' flag is provided.
src/components/modules/user-management.tsx(512,29): error TS17004: Cannot use JSX unless the '--jsx' flag is provided.
src/components/modules/user-management.tsx(513,33): error TS17004: Cannot use JSX unless the '--jsx' flag is provided.
src/components/modules/user-management.tsx(514,33): error TS17004: Cannot use JSX unless the '--jsx' flag is provided.
src/components/modules/user-management.tsx(519,37): error TS17004: Cannot use JSX unless the '--jsx' flag is provided.
src/components/modules/user-management.tsx(520,37): error TS17004: Cannot use JSX unless the '--jsx' flag is provided.
src/components/modules/user-management.tsx(522,45): error TS17004: Cannot use JSX unless the '--jsx' flag is provided.
src/components/modules/user-management.tsx(526,33): error TS17004: Cannot use JSX unless the '--jsx' flag is provided.
src/components/modules/user-management.tsx(531,25): error TS17004: Cannot use JSX unless the '--jsx' flag is provided.
src/components/modules/user-management.tsx(532,29): error TS17004: Cannot use JSX unless the '--jsx' flag is provided.
src/components/modules/user-management.tsx(541,33): error TS17004: Cannot use JSX unless the '--jsx' flag is provided.
src/components/modules/user-management.tsx(549,13): error TS17004: Cannot use JSX unless the '--jsx' flag is provided.
src/components/modules/user-management.tsx(550,17): error TS17004: Cannot use JSX unless the '--jsx' flag is provided.
src/components/modules/user-management.tsx(556,17): error TS17004: Cannot use JSX unless the '--jsx' flag is provided.
src/components/modules/user-management.tsx(565,13): error TS17004: Cannot use JSX unless the '--jsx' flag is provided.
src/components/modules/user-management.tsx(566,17): error TS17004: Cannot use JSX unless the '--jsx' flag is provided.
src/components/modules/user-management.tsx(567,21): error TS17004: Cannot use JSX unless the '--jsx' flag is provided.
src/components/modules/user-management.tsx(568,21): error TS17004: Cannot use JSX unless the '--jsx' flag is provided.
src/components/modules/user-management.tsx(569,25): error TS17004: Cannot use JSX unless the '--jsx' flag is provided.
src/components/modules/user-management.tsx(570,25): error TS17004: Cannot use JSX unless the '--jsx' flag is provided.
src/components/modules/user-management.tsx(579,17): error TS17004: Cannot use JSX unless the '--jsx' flag is provided.
src/components/modules/user-management.tsx(580,21): error TS17004: Cannot use JSX unless the '--jsx' flag is provided.
src/components/modules/user-management.tsx(581,21): error TS17004: Cannot use JSX unless the '--jsx' flag is provided.
src/components/modules/user-management.tsx(586,25): error TS17004: Cannot use JSX unless the '--jsx' flag is provided.
src/components/modules/user-management.tsx(587,25): error TS17004: Cannot use JSX unless the '--jsx' flag is provided.
src/components/modules/user-management.tsx(588,25): error TS17004: Cannot use JSX unless the '--jsx' flag is provided.
src/components/modules/user-management.tsx(589,25): error TS17004: Cannot use JSX unless the '--jsx' flag is provided.
src/components/modules/user-management.tsx(590,25): error TS17004: Cannot use JSX unless the '--jsx' flag is provided.
src/components/modules/user-management.tsx(594,17): error TS17004: Cannot use JSX unless the '--jsx' flag is provided.
src/components/modules/user-management.tsx(595,21): error TS17004: Cannot use JSX unless the '--jsx' flag is provided.
src/components/modules/user-management.tsx(596,21): error TS17004: Cannot use JSX unless the '--jsx' flag is provided.
src/components/modules/user-management.tsx(601,25): error TS17004: Cannot use JSX unless the '--jsx' flag is provided.
src/components/modules/user-management.tsx(602,25): error TS17004: Cannot use JSX unless the '--jsx' flag is provided.
src/components/modules/user-management.tsx(603,25): error TS17004: Cannot use JSX unless the '--jsx' flag is provided.
src/components/modules/user-management.tsx(611,21): error TS17004: Cannot use JSX unless the '--jsx' flag is provided.
src/components/modules/user-management.tsx(612,25): error TS17004: Cannot use JSX unless the '--jsx' flag is provided.
src/components/modules/user-management.tsx(613,29): error TS17004: Cannot use JSX unless the '--jsx' flag is provided.
src/components/modules/user-management.tsx(614,29): error TS17004: Cannot use JSX unless the '--jsx' flag is provided.
src/components/modules/user-management.tsx(616,25): error TS17004: Cannot use JSX unless the '--jsx' flag is provided.
src/components/modules/user-management.tsx(617,29): error TS17004: Cannot use JSX unless the '--jsx' flag is provided.
src/components/modules/user-management.tsx(618,29): error TS17004: Cannot use JSX unless the '--jsx' flag is provided.
src/components/modules/user-management.tsx(619,29): error TS17004: Cannot use JSX unless the '--jsx' flag is provided.
src/components/modules/user-management.tsx(620,33): error TS17004: Cannot use JSX unless the '--jsx' flag is provided.
src/components/modules/user-management.tsx(627,13): error TS17004: Cannot use JSX unless the '--jsx' flag is provided.
src/components/modules/user-management.tsx(628,17): error TS17004: Cannot use JSX unless the '--jsx' flag is provided.
src/components/modules/user-management.tsx(629,21): error TS17004: Cannot use JSX unless the '--jsx' flag is provided.
src/components/modules/user-management.tsx(630,25): error TS17004: Cannot use JSX unless the '--jsx' flag is provided.
src/components/modules/user-management.tsx(631,29): error TS17004: Cannot use JSX unless the '--jsx' flag is provided.
src/components/modules/user-management.tsx(632,33): error TS17004: Cannot use JSX unless the '--jsx' flag is provided.
src/components/modules/user-management.tsx(639,29): error TS17004: Cannot use JSX unless the '--jsx' flag is provided.
src/components/modules/user-management.tsx(640,33): error TS17004: Cannot use JSX unless the '--jsx' flag is provided.
src/components/modules/user-management.tsx(645,33): error TS17004: Cannot use JSX unless the '--jsx' flag is provided.
src/components/modules/user-management.tsx(646,37): error TS17004: Cannot use JSX unless the '--jsx' flag is provided.
src/components/modules/user-management.tsx(647,37): error TS17004: Cannot use JSX unless the '--jsx' flag is provided.
src/components/modules/user-management.tsx(650,33): error TS17004: Cannot use JSX unless the '--jsx' flag is provided.
src/components/modules/user-management.tsx(651,37): error TS17004: Cannot use JSX unless the '--jsx' flag is provided.
src/components/modules/user-management.tsx(652,37): error TS17004: Cannot use JSX unless the '--jsx' flag is provided.
src/components/modules/user-management.tsx(655,29): error TS17004: Cannot use JSX unless the '--jsx' flag is provided.
src/components/modules/user-management.tsx(656,29): error TS17004: Cannot use JSX unless the '--jsx' flag is provided.
src/components/modules/user-management.tsx(659,21): error TS17004: Cannot use JSX unless the '--jsx' flag is provided.
src/components/modules/user-management.tsx(661,29): error TS17004: Cannot use JSX unless the '--jsx' flag is provided.
src/components/modules/user-management.tsx(661,33): error TS17004: Cannot use JSX unless the '--jsx' flag is provided.
src/components/modules/user-management.tsx(664,33): error TS17004: Cannot use JSX unless the '--jsx' flag is provided.
src/components/modules/user-management.tsx(664,37): error TS17004: Cannot use JSX unless the '--jsx' flag is provided.
src/components/modules/user-management.tsx(666,33): error TS17004: Cannot use JSX unless the '--jsx' flag is provided.
src/components/modules/user-management.tsx(667,37): error TS17004: Cannot use JSX unless the '--jsx' flag is provided.
src/components/modules/user-management.tsx(668,41): error TS17004: Cannot use JSX unless the '--jsx' flag is provided.
src/components/modules/user-management.tsx(675,37): error TS17004: Cannot use JSX unless the '--jsx' flag is provided.
src/components/modules/user-management.tsx(676,41): error TS17004: Cannot use JSX unless the '--jsx' flag is provided.
src/components/modules/user-management.tsx(677,45): error TS17004: Cannot use JSX unless the '--jsx' flag is provided.
src/components/modules/user-management.tsx(678,49): error TS17004: Cannot use JSX unless the '--jsx' flag is provided.
src/components/modules/user-management.tsx(679,62): error TS17004: Cannot use JSX unless the '--jsx' flag is provided.
src/components/modules/user-management.tsx(681,45): error TS17004: Cannot use JSX unless the '--jsx' flag is provided.
src/components/modules/user-management.tsx(682,49): error TS17004: Cannot use JSX unless the '--jsx' flag is provided.
src/components/modules/user-management.tsx(685,49): error TS17004: Cannot use JSX unless the '--jsx' flag is provided.
src/components/modules/user-management.tsx(689,37): error TS17004: Cannot use JSX unless the '--jsx' flag is provided.
src/components/modules/user-management.tsx(691,45): error TS17004: Cannot use JSX unless the '--jsx' flag is provided.
src/components/modules/user-management.tsx(692,49): error TS17004: Cannot use JSX unless the '--jsx' flag is provided.
src/components/modules/user-management.tsx(693,49): error TS17004: Cannot use JSX unless the '--jsx' flag is provided.
src/components/modules/user-management.tsx(704,45): error TS17004: Cannot use JSX unless the '--jsx' flag is provided.
src/components/modules/user-management.tsx(707,37): error TS17004: Cannot use JSX unless the '--jsx' flag is provided.
src/components/modules/user-management.tsx(708,41): error TS17004: Cannot use JSX unless the '--jsx' flag is provided.
src/components/modules/user-management.tsx(718,37): error TS17004: Cannot use JSX unless the '--jsx' flag is provided.
src/components/modules/user-management.tsx(719,41): error TS17004: Cannot use JSX unless the '--jsx' flag is provided.
src/components/modules/user-management.tsx(720,45): error TS17004: Cannot use JSX unless the '--jsx' flag is provided.
src/components/modules/user-management.tsx(724,37): error TS17004: Cannot use JSX unless the '--jsx' flag is provided.
src/components/modules/user-management.tsx(725,41): error TS17004: Cannot use JSX unless the '--jsx' flag is provided.
src/components/modules/user-management.tsx(727,49): error TS17004: Cannot use JSX unless the '--jsx' flag is provided.
src/components/modules/user-management.tsx(729,57): error TS17004: Cannot use JSX unless the '--jsx' flag is provided.
src/components/modules/user-management.tsx(729,349): error TS17004: Cannot use JSX unless the '--jsx' flag is provided.
src/components/modules/user-management.tsx(731,53): error TS17004: Cannot use JSX unless the '--jsx' flag is provided.
src/components/modules/user-management.tsx(731,270): error TS17004: Cannot use JSX unless the '--jsx' flag is provided.
src/components/modules/user-management.tsx(733,57): error TS17004: Cannot use JSX unless the '--jsx' flag is provided.
src/components/modules/user-management.tsx(733,272): error TS17004: Cannot use JSX unless the '--jsx' flag is provided.
src/components/modules/user-management.tsx(737,49): error TS17004: Cannot use JSX unless the '--jsx' flag is provided.
src/components/modules/user-management.tsx(745,33): error TS17004: Cannot use JSX unless the '--jsx' flag is provided.
src/components/modules/user-management.tsx(745,37): error TS17004: Cannot use JSX unless the '--jsx' flag is provided.
src/components/modules/user-management.tsx(747,33): error TS17004: Cannot use JSX unless the '--jsx' flag is provided.
src/components/modules/user-management.tsx(748,37): error TS17004: Cannot use JSX unless the '--jsx' flag is provided.
src/components/modules/user-management.tsx(749,41): error TS17004: Cannot use JSX unless the '--jsx' flag is provided.
src/components/modules/user-management.tsx(751,37): error TS17004: Cannot use JSX unless the '--jsx' flag is provided.
src/components/modules/user-management.tsx(752,41): error TS17004: Cannot use JSX unless the '--jsx' flag is provided.
src/components/modules/user-management.tsx(753,45): error TS17004: Cannot use JSX unless the '--jsx' flag is provided.
src/components/modules/user-management.tsx(756,45): error TS17004: Cannot use JSX unless the '--jsx' flag is provided.
src/components/modules/user-management.tsx(757,49): error TS17004: Cannot use JSX unless the '--jsx' flag is provided.
src/components/modules/user-management.tsx(758,49): error TS17004: Cannot use JSX unless the '--jsx' flag is provided.
src/components/modules/user-management.tsx(762,37): error TS17004: Cannot use JSX unless the '--jsx' flag is provided.
src/components/modules/user-management.tsx(763,41): error TS17004: Cannot use JSX unless the '--jsx' flag is provided.
src/components/modules/user-management.tsx(764,45): error TS17004: Cannot use JSX unless the '--jsx' flag is provided.
src/components/modules/user-management.tsx(767,45): error TS17004: Cannot use JSX unless the '--jsx' flag is provided.
src/components/modules/user-management.tsx(772,37): error TS17004: Cannot use JSX unless the '--jsx' flag is provided.
src/components/modules/user-management.tsx(773,41): error TS17004: Cannot use JSX unless the '--jsx' flag is provided.
src/components/modules/user-management.tsx(775,37): error TS17004: Cannot use JSX unless the '--jsx' flag is provided.
src/components/modules/user-management.tsx(776,41): error TS17004: Cannot use JSX unless the '--jsx' flag is provided.
src/components/modules/user-management.tsx(777,45): error TS17004: Cannot use JSX unless the '--jsx' flag is provided.
src/components/modules/user-management.tsx(781,37): error TS17004: Cannot use JSX unless the '--jsx' flag is provided.
src/components/modules/user-management.tsx(782,41): error TS17004: Cannot use JSX unless the '--jsx' flag is provided.
src/components/modules/user-management.tsx(783,45): error TS17004: Cannot use JSX unless the '--jsx' flag is provided.
src/components/modules/user-management.tsx(783,218): error TS17004: Cannot use JSX unless the '--jsx' flag is provided.
src/components/modules/user-management.tsx(784,45): error TS17004: Cannot use JSX unless the '--jsx' flag is provided.
src/components/modules/user-management.tsx(784,210): error TS17004: Cannot use JSX unless the '--jsx' flag is provided.
src/components/modules/user-management.tsx(794,17): error TS17004: Cannot use JSX unless the '--jsx' flag is provided.
src/components/modules/user-management.tsx(795,21): error TS17004: Cannot use JSX unless the '--jsx' flag is provided.
src/components/modules/user-management.tsx(796,21): error TS17004: Cannot use JSX unless the '--jsx' flag is provided.
src/components/modules/user-management.tsx(797,25): error TS17004: Cannot use JSX unless the '--jsx' flag is provided.
src/components/modules/user-management.tsx(797,184): error TS17004: Cannot use JSX unless the '--jsx' flag is provided.
src/components/modules/user-management.tsx(798,25): error TS17004: Cannot use JSX unless the '--jsx' flag is provided.
src/components/modules/user-management.tsx(798,199): error TS17004: Cannot use JSX unless the '--jsx' flag is provided.
src/components/modules/user-management.tsx(799,25): error TS17004: Cannot use JSX unless the '--jsx' flag is provided.
src/components/modules/user-management.tsx(799,228): error TS17004: Cannot use JSX unless the '--jsx' flag is provided.
src/components/modules/user-management.tsx(800,25): error TS17004: Cannot use JSX unless the '--jsx' flag is provided.
src/components/modules/user-management.tsx(800,222): error TS17004: Cannot use JSX unless the '--jsx' flag is provided.
src/components/modules/user-management.tsx(807,17): error TS17004: Cannot use JSX unless the '--jsx' flag is provided.
src/components/modules/user-management.tsx(809,21): error TS17004: Cannot use JSX unless the '--jsx' flag is provided.
src/components/modules/user-management.tsx(814,21): error TS17004: Cannot use JSX unless the '--jsx' flag is provided.
src/components/modules/user-management.tsx(816,25): error TS17004: Cannot use JSX unless the '--jsx' flag is provided.
src/components/modules/user-management.tsx(817,29): error TS17004: Cannot use JSX unless the '--jsx' flag is provided.
src/components/modules/user-management.tsx(818,33): error TS17004: Cannot use JSX unless the '--jsx' flag is provided.
src/components/modules/user-management.tsx(819,37): error TS17004: Cannot use JSX unless the '--jsx' flag is provided.
src/components/modules/user-management.tsx(822,37): error TS17004: Cannot use JSX unless the '--jsx' flag is provided.
src/components/modules/user-management.tsx(824,33): error TS17004: Cannot use JSX unless the '--jsx' flag is provided.
src/components/modules/user-management.tsx(828,37): error TS17004: Cannot use JSX unless the '--jsx' flag is provided.
src/components/modules/user-management.tsx(834,25): error TS17004: Cannot use JSX unless the '--jsx' flag is provided.
src/components/modules/user-management.tsx(835,29): error TS17004: Cannot use JSX unless the '--jsx' flag is provided.
src/components/modules/user-management.tsx(836,33): error TS17004: Cannot use JSX unless the '--jsx' flag is provided.
src/components/modules/user-management.tsx(842,33): error TS17004: Cannot use JSX unless the '--jsx' flag is provided.
src/components/modules/user-management.tsx(848,33): error TS17004: Cannot use JSX unless the '--jsx' flag is provided.
src/components/modules/user-management.tsx(857,25): error TS17004: Cannot use JSX unless the '--jsx' flag is provided.
src/components/modules/user-management.tsx(858,29): error TS17004: Cannot use JSX unless the '--jsx' flag is provided.
src/components/modules/user-management.tsx(860,37): error TS17004: Cannot use JSX unless the '--jsx' flag is provided.
src/components/modules/user-management.tsx(861,41): error TS17004: Cannot use JSX unless the '--jsx' flag is provided.
src/components/modules/user-management.tsx(862,45): error TS17004: Cannot use JSX unless the '--jsx' flag is provided.
src/components/modules/user-management.tsx(863,45): error TS17004: Cannot use JSX unless the '--jsx' flag is provided.
src/components/modules/user-management.tsx(864,49): error TS17004: Cannot use JSX unless the '--jsx' flag is provided.
src/components/modules/user-management.tsx(865,49): error TS17004: Cannot use JSX unless the '--jsx' flag is provided.
src/components/modules/user-management.tsx(869,41): error TS17004: Cannot use JSX unless the '--jsx' flag is provided.
src/components/modules/user-management.tsx(870,45): error TS17004: Cannot use JSX unless the '--jsx' flag is provided.
src/components/modules/user-management.tsx(871,45): error TS17004: Cannot use JSX unless the '--jsx' flag is provided.
src/components/modules/user-management.tsx(872,49): error TS17004: Cannot use JSX unless the '--jsx' flag is provided.
src/components/modules/user-management.tsx(873,49): error TS17004: Cannot use JSX unless the '--jsx' flag is provided.
src/components/modules/user-management.tsx(877,41): error TS17004: Cannot use JSX unless the '--jsx' flag is provided.
src/components/modules/user-management.tsx(878,45): error TS17004: Cannot use JSX unless the '--jsx' flag is provided.
src/components/modules/user-management.tsx(879,49): error TS17004: Cannot use JSX unless the '--jsx' flag is provided.
src/components/modules/user-management.tsx(880,49): error TS17004: Cannot use JSX unless the '--jsx' flag is provided.
src/components/modules/user-management.tsx(881,53): error TS17004: Cannot use JSX unless the '--jsx' flag is provided.
src/components/modules/user-management.tsx(882,53): error TS17004: Cannot use JSX unless the '--jsx' flag is provided.
src/components/modules/user-management.tsx(885,45): error TS17004: Cannot use JSX unless the '--jsx' flag is provided.
src/components/modules/user-management.tsx(886,49): error TS17004: Cannot use JSX unless the '--jsx' flag is provided.
src/components/modules/user-management.tsx(887,49): error TS17004: Cannot use JSX unless the '--jsx' flag is provided.
src/components/modules/user-management.tsx(894,37): error TS17004: Cannot use JSX unless the '--jsx' flag is provided.
src/components/modules/user-management.tsx(895,41): error TS17004: Cannot use JSX unless the '--jsx' flag is provided.
src/components/modules/user-management.tsx(896,45): error TS17004: Cannot use JSX unless the '--jsx' flag is provided.
src/components/modules/user-management.tsx(897,45): error TS17004: Cannot use JSX unless the '--jsx' flag is provided.
src/components/modules/user-management.tsx(898,49): error TS17004: Cannot use JSX unless the '--jsx' flag is provided.
src/components/modules/user-management.tsx(899,49): error TS17004: Cannot use JSX unless the '--jsx' flag is provided.
src/components/modules/user-management.tsx(900,53): error TS17004: Cannot use JSX unless the '--jsx' flag is provided.
src/components/modules/user-management.tsx(906,61): error TS17004: Cannot use JSX unless the '--jsx' flag is provided.
src/components/modules/user-management.tsx(910,76): error TS17004: Cannot use JSX unless the '--jsx' flag is provided.
src/components/modules/user-management.tsx(916,49): error TS17004: Cannot use JSX unless the '--jsx' flag is provided.
src/components/modules/user-management.tsx(920,41): error TS17004: Cannot use JSX unless the '--jsx' flag is provided.
src/components/modules/user-management.tsx(921,45): error TS17004: Cannot use JSX unless the '--jsx' flag is provided.
src/components/modules/user-management.tsx(922,49): error TS17004: Cannot use JSX unless the '--jsx' flag is provided.
src/components/modules/user-management.tsx(923,49): error TS17004: Cannot use JSX unless the '--jsx' flag is provided.
src/components/modules/user-management.tsx(924,53): error TS17004: Cannot use JSX unless the '--jsx' flag is provided.
src/components/modules/user-management.tsx(925,53): error TS17004: Cannot use JSX unless the '--jsx' flag is provided.
src/components/modules/user-management.tsx(926,57): error TS17004: Cannot use JSX unless the '--jsx' flag is provided.
src/components/modules/user-management.tsx(927,276): error TS17004: Cannot use JSX unless the '--jsx' flag is provided.
src/components/modules/user-management.tsx(929,53): error TS17004: Cannot use JSX unless the '--jsx' flag is provided.
src/components/modules/user-management.tsx(932,45): error TS17004: Cannot use JSX unless the '--jsx' flag is provided.
src/components/modules/user-management.tsx(933,49): error TS17004: Cannot use JSX unless the '--jsx' flag is provided.
src/components/modules/user-management.tsx(934,49): error TS17004: Cannot use JSX unless the '--jsx' flag is provided.
src/components/modules/user-management.tsx(935,53): error TS17004: Cannot use JSX unless the '--jsx' flag is provided.
src/components/modules/user-management.tsx(936,53): error TS17004: Cannot use JSX unless the '--jsx' flag is provided.
src/components/modules/user-management.tsx(941,41): error TS17004: Cannot use JSX unless the '--jsx' flag is provided.
src/components/modules/user-management.tsx(942,45): error TS17004: Cannot use JSX unless the '--jsx' flag is provided.
src/components/modules/user-management.tsx(943,49): error TS17004: Cannot use JSX unless the '--jsx' flag is provided.
src/components/modules/user-management.tsx(944,49): error TS17004: Cannot use JSX unless the '--jsx' flag is provided.
src/components/modules/user-management.tsx(945,53): error TS17004: Cannot use JSX unless the '--jsx' flag is provided.
src/components/modules/user-management.tsx(946,57): error TS17004: Cannot use JSX unless the '--jsx' flag is provided.
src/components/modules/user-management.tsx(947,232): error TS17004: Cannot use JSX unless the '--jsx' flag is provided.
src/components/modules/user-management.tsx(949,53): error TS17004: Cannot use JSX unless the '--jsx' flag is provided.
src/components/modules/user-management.tsx(952,45): error TS17004: Cannot use JSX unless the '--jsx' flag is provided.
src/components/modules/user-management.tsx(953,49): error TS17004: Cannot use JSX unless the '--jsx' flag is provided.
src/components/modules/user-management.tsx(954,49): error TS17004: Cannot use JSX unless the '--jsx' flag is provided.
src/components/modules/user-management.tsx(958,41): error TS17004: Cannot use JSX unless the '--jsx' flag is provided.
src/components/modules/user-management.tsx(959,45): error TS17004: Cannot use JSX unless the '--jsx' flag is provided.
src/components/modules/user-management.tsx(960,45): error TS17004: Cannot use JSX unless the '--jsx' flag is provided.
src/components/modules/user-management.tsx(966,37): error TS17004: Cannot use JSX unless the '--jsx' flag is provided.
src/components/modules/user-management.tsx(967,41): error TS17004: Cannot use JSX unless the '--jsx' flag is provided.
src/components/modules/user-management.tsx(968,45): error TS17004: Cannot use JSX unless the '--jsx' flag is provided.
src/components/modules/user-management.tsx(969,49): error TS17004: Cannot use JSX unless the '--jsx' flag is provided.
src/components/modules/user-management.tsx(970,53): error TS17004: Cannot use JSX unless the '--jsx' flag is provided.
src/components/modules/user-management.tsx(972,49): error TS17004: Cannot use JSX unless the '--jsx' flag is provided.
src/components/modules/user-management.tsx(973,53): error TS17004: Cannot use JSX unless the '--jsx' flag is provided.
src/components/modules/user-management.tsx(974,53): error TS17004: Cannot use JSX unless the '--jsx' flag is provided.
src/components/modules/user-management.tsx(977,45): error TS17004: Cannot use JSX unless the '--jsx' flag is provided.
src/components/modules/user-management.tsx(982,49): error TS17004: Cannot use JSX unless the '--jsx' flag is provided.
src/components/modules/user-management.tsx(987,45): error TS17004: Cannot use JSX unless the '--jsx' flag is provided.
src/components/modules/user-management.tsx(988,49): error TS17004: Cannot use JSX unless the '--jsx' flag is provided.
src/components/modules/user-management.tsx(989,53): error TS17004: Cannot use JSX unless the '--jsx' flag is provided.
src/components/modules/user-management.tsx(990,53): error TS17004: Cannot use JSX unless the '--jsx' flag is provided.
src/components/modules/user-management.tsx(991,57): error TS17004: Cannot use JSX unless the '--jsx' flag is provided.
src/components/modules/user-management.tsx(992,57): error TS17004: Cannot use JSX unless the '--jsx' flag is provided.
src/components/modules/user-management.tsx(996,49): error TS17004: Cannot use JSX unless the '--jsx' flag is provided.
src/components/modules/user-management.tsx(997,53): error TS17004: Cannot use JSX unless the '--jsx' flag is provided.
src/components/modules/user-management.tsx(998,53): error TS17004: Cannot use JSX unless the '--jsx' flag is provided.
src/components/modules/user-management.tsx(999,57): error TS17004: Cannot use JSX unless the '--jsx' flag is provided.
src/components/modules/user-management.tsx(1000,57): error TS17004: Cannot use JSX unless the '--jsx' flag is provided.
src/components/modules/user-management.tsx(1001,61): error TS17004: Cannot use JSX unless the '--jsx' flag is provided.
src/components/modules/user-management.tsx(1004,72): error TS17004: Cannot use JSX unless the '--jsx' flag is provided.
src/components/modules/user-management.tsx(1007,57): error TS17004: Cannot use JSX unless the '--jsx' flag is provided.
src/components/modules/user-management.tsx(1011,49): error TS17004: Cannot use JSX unless the '--jsx' flag is provided.
src/components/modules/user-management.tsx(1012,53): error TS17004: Cannot use JSX unless the '--jsx' flag is provided.
src/components/modules/user-management.tsx(1013,53): error TS17004: Cannot use JSX unless the '--jsx' flag is provided.
src/components/modules/user-management.tsx(1014,57): error TS17004: Cannot use JSX unless the '--jsx' flag is provided.
src/components/modules/user-management.tsx(1015,57): error TS17004: Cannot use JSX unless the '--jsx' flag is provided.
src/components/modules/user-management.tsx(1016,61): error TS17004: Cannot use JSX unless the '--jsx' flag is provided.
src/components/modules/user-management.tsx(1019,72): error TS17004: Cannot use JSX unless the '--jsx' flag is provided.
src/components/modules/user-management.tsx(1022,57): error TS17004: Cannot use JSX unless the '--jsx' flag is provided.
src/components/modules/user-management.tsx(1031,29): error TS17004: Cannot use JSX unless the '--jsx' flag is provided.
src/components/modules/user-management.tsx(1032,33): error TS17004: Cannot use JSX unless the '--jsx' flag is provided.
src/components/modules/user-management.tsx(1033,33): error TS17004: Cannot use JSX unless the '--jsx' flag is provided.
src/components/modules/user-management.tsx(1034,49): error TS17004: Cannot use JSX unless the '--jsx' flag is provided.
src/components/modules/user-management.tsx(1034,51): error TS17004: Cannot use JSX unless the '--jsx' flag is provided.
src/components/modules/user-management.tsx(1034,114): error TS17004: Cannot use JSX unless the '--jsx' flag is provided.
src/components/modules/user-management.tsx(1034,116): error TS17004: Cannot use JSX unless the '--jsx' flag is provided.
src/components/modules/user-management.tsx(1044,17): error TS17004: Cannot use JSX unless the '--jsx' flag is provided.
src/components/modules/user-management.tsx(1045,21): error TS17004: Cannot use JSX unless the '--jsx' flag is provided.
src/components/modules/user-management.tsx(1046,21): error TS17004: Cannot use JSX unless the '--jsx' flag is provided.
src/components/modules/user-management.tsx(1047,25): error TS17004: Cannot use JSX unless the '--jsx' flag is provided.
src/components/modules/user-management.tsx(1048,29): error TS17004: Cannot use JSX unless the '--jsx' flag is provided.
src/components/modules/user-management.tsx(1050,25): error TS17004: Cannot use JSX unless the '--jsx' flag is provided.
src/components/modules/user-management.tsx(1051,25): error TS17004: Cannot use JSX unless the '--jsx' flag is provided.
src/components/modules/user-management.tsx(1051,133): error TS17004: Cannot use JSX unless the '--jsx' flag is provided.
src/components/modules/user-management.tsx(1052,25): error TS17004: Cannot use JSX unless the '--jsx' flag is provided.
src/components/modules/user-management.tsx(1053,29): error TS17004: Cannot use JSX unless the '--jsx' flag is provided.
src/components/modules/user-management.tsx(1054,29): error TS17004: Cannot use JSX unless the '--jsx' flag is provided.
src/components/modules/user-management.tsx(1062,17): error TS17004: Cannot use JSX unless the '--jsx' flag is provided.
src/components/modules/user-management.tsx(1063,21): error TS17004: Cannot use JSX unless the '--jsx' flag is provided.
src/components/modules/user-management.tsx(1064,21): error TS17004: Cannot use JSX unless the '--jsx' flag is provided.
src/components/modules/user-management.tsx(1065,25): error TS17004: Cannot use JSX unless the '--jsx' flag is provided.
src/components/modules/user-management.tsx(1066,29): error TS17004: Cannot use JSX unless the '--jsx' flag is provided.
src/components/modules/user-management.tsx(1068,25): error TS17004: Cannot use JSX unless the '--jsx' flag is provided.
src/components/modules/user-management.tsx(1069,25): error TS17004: Cannot use JSX unless the '--jsx' flag is provided.
src/components/modules/user-management.tsx(1070,25): error TS17004: Cannot use JSX unless the '--jsx' flag is provided.
src/components/modules/user-management.tsx(1071,29): error TS17004: Cannot use JSX unless the '--jsx' flag is provided.
src/components/modules/user-management.tsx(1072,29): error TS17004: Cannot use JSX unless the '--jsx' flag is provided.
